 api │ 1:agents  2:logs•  +
─ a ───────────┬─ b ───────────
               │
               │
               │
               │
─ c ───────────┼─ d ───────────
               │
               │
               │
               │
cursor: 2,3
--- accent ---
      **********
****************
               *
               *
               *
               *
*   ************




