 api │ 1:agents  2:logs•  +
─ copy ─────────────┬─ dead [exited] ───
select me please    │
second              │
                    │ exited (status 1)
                    │
                    │
                    │
cursor: 2,3
--- accent ---
      **********
*********************
                    *
                    *
                    *
                    *
                    *
                    *
