╭─ Overview ───────────────────────────────────────────────╮
│ AGENT                │> fix the tests                    │
│ ● claude             │working…                           │
│ ○ codex              │                                   │
│                      │                                   │
│                      │                                   │
│                      │                                   │
│                      │                                   │
│ ⏎ go                                                     │
╰──────────────────────────────────────────────────────────╯
--- accent ---
************************************************************
*                                                          *
*                                                          *
*                                                          *
*                                                          *
*                                                          *
*                                                          *
*                                                          *
*                                                          *
************************************************************
