 api │ 1:agents  2:logs•  +
─ main ───────────────────────────────────────────
       ╭─ Go to ──────────────────────────╮
       │ › cla                            │
       │                                  │
       │ claude  api                      │
       │ claude  web                      │
       │ codex   api                      │
       │                                  │
       │ ⏎ go  esc close                  │
       ╰──────────────────────────────────╯



cursor: 14,3
--- accent ---
      **********
**************************************************
       ************************************
       * **                               *
       *                                  *
       *                                  *
       *                                  *
       *                                  *
       *                                  *
       *                                  *
       ************************************



