 api │ 1:agents  2:logs•  +
─ main ───────────────────────── copied 12 lines ─
background text

         ╭─ popup ──────────────────────╮
         │inside the popup              │
         │                              │
         │                              │
         │                              │
         │                              │
         ╰──────────────────────────────╯





cursor: 10,6
--- accent ---
      **********



         ********************************
         *                              *
         *                              *
         *                              *
         *                              *
         *                              *
         ********************************





