 ▾ Environments   │ api │ 1:agents  2:logs•  +
 api  main ↑1     │─ p1 ────────────────────────────────────────────────────────
 web              │hi
 ▾ Agents         │
 ● claude         │
                  │
                  │
                  │
                  │
                  │
cursor: 21,3
--- accent ---
                         **********
                   *************************************************************








