 api │ 1 main  +                                                      C-b ? help
─ cat ──────────────────────────────────┬─ cat ─────────────────────────────────
                                        │
                  ╭─ Close pane ────────────────────────────╮
                  │ Close cat? Its process will be stopped. │
                  │                                         │
                  │ y yes   n no                            │
                  ╰─────────────────────────────────────────╯
                                        │
                                        │
                                        │
                                        │
