 ▾ Environments 2           │ web │ 1 dev  +                                    C-b ? help
 ● api                      │─ cat ───────────────────────────────────────────────────────
 ● web                      │
                            │
 ▾ Agents 1                 │
 ● cat                      │
                            │
                            │
                            │
                            │
                            │
                            │
cursor: 29,2
