 api │ 1 main  +                                                                           NAVIGATE
─ cat ────────────────────────────────────────────┬─ cat ───────────────────────────────────────────
                                                  │
                                                  │
                                                  │
                                                  │
                                                  │
                                                  │
                                                  │
                                                  │
                                                  │
                                                  │
                                                  │
                                                  │
cursor: 51,2
