 api │ 1 main  2 logs  +                                                        C-b ? help
─ cat ────────────────────────────────────────────────────────────────────────────────────

     ╭─ Go to ──────────────────────────────────────────────────────────────────────╮
     │ › tail                                                                       │
     │                                                                              │
     │ ● api / logs / tailer  running                                               │
     │                                                                              │
     │                                                                              │
     │                                                                              │
     │                                                                              │
     │ ⏎ go  tab filter: all running exited                                         │
     ╰──────────────────────────────────────────────────────────────────────────────╯



cursor: 13,4
