 api │ 1 main  +                                                      C-b ? help
─ cat ──────────────────────────────────────────────────────────────────────────

          ╭─ Rename tab ─────────────────────────────────────────────╮
          │ › build                                                  │
          │                                                          │
          │ ⏎ ok  esc cancel                                         │
          ╰──────────────────────────────────────────────────────────╯




cursor: 19,4
