 api │ 1 main  +                                                                             RESIZE
─ cat ────────────────────────────────────────────┬─ cat ───────────────────────────────────────────
                                                  │
                                                  │
                                                  │
                                                  │
                                                  │
                                                  │
                                                  │
                                                  │
                                                  │
                                                  │
                                                  │
                                                  │
cursor: 0,2
