 api │ 1 main  +                                                                          C-b ? help
─ cat ────────────────────────────────────────────┬─ cat ───────────────────────────────────────────
                                                  │
                                                  │
                                                  │
                                                  │
                                                  │
                                                  │
                                                  │
                                                  │
                                                  ├─ cat ───────────────────────────────────────────
                                                  │
                                                  │
                                                  │
                                                  │
                                                  │
                                                  │
                                                  │
cursor: 0,2
