 ▾ Environments 1           │ api │ 1 main  +                         C-b ? help
 ● api                      │─ cat ─────────────────────────────────────────────
                            │hello
 ▾ Agents 1                 │hello
 ● cat                      │
                            │
                            │
                            │
                            │
                            │
                            │
                            │
                            │
                            │
cursor: 29,4
