line 0s — the quick brown fox jumps over the lazy dog 日本語 🐝
line 1s — the quick brown fox jumps over the lazy dog 日本語 🐝
line 2s — the quick brown fox jumps over the lazy dog 日本語 🐝
line 3s — the quick brown fox jumps over the lazy dog 日本語 🐝
line 4s — the quick brown fox jumps over the lazy dog 日本語 🐝
line 5s — the quick brown fox jumps over the lazy dog 日本語 🐝
line 6s — the quick brown fox jumps over the lazy dog 日本語 🐝
line 7s — the quick brown fox jumps over the lazy dog 日本語 🐝
line 8s — the quick brown fox jumps over the lazy dog 日本語 🐝
line 9s — the quick brown fox jumps over the lazy dog 日本語 🐝
line 10s — the quick brown fox jumps over the lazy dog 日本語 🐝
line 11s — the quick brown fox jumps over the lazy dog 日本語 🐝
line 12s — the quick brown fox jumps over the lazy dog 日本語 🐝
line 13s — the quick brown fox jumps over the lazy dog 日本語 🐝
line 14s — the quick brown fox jumps over the lazy dog 日本語 🐝
line 15s — the quick brown fox jumps over the lazy dog 日本語 🐝
line 16s — the quick brown fox jumps over the lazy dog 日本語 🐝
line 17s — the quick brown fox jumps over the lazy dog 日本語 🐝
line 18s — the quick brown fox jumps over the lazy dog 日本語 🐝
line 19s — the quick brown fox jumps over the lazy dog 日本語 🐝
line 20s — the quick brown fox jumps over the lazy dog 日本語 🐝
line 21s — the quick brown fox jumps over the lazy dog 日本語 🐝
line 22s — the quick brown fox jumps over the lazy dog 日本語 🐝
:
