038 bold  truecolor  日本 ########
039 bold  truecolor  日本 #########
040 bold  truecolor  日本 ##########
041 bold  truecolor  日本 ###########
042 bold  truecolor  日本 ############
043 bold  truecolor  日本 #############
044 bold  truecolor  日本 ##############
045 bold  truecolor  日本 ###############
046 bold  truecolor  日本 ################
047 bold  truecolor  日本 #################
048 bold  truecolor  日本 ##################
049 bold  truecolor  日本 ###################
050 bold  truecolor  日本 ####################
051 bold  truecolor  日本 #####################
052 bold  truecolor  日本 ######################
053 bold  truecolor  日本 #######################
054 bold  truecolor  日本 ########################
055 bold  truecolor  日本 #########################
056 bold  truecolor  日本 ##########################
057 bold  truecolor  日本 ###########################
058 bold  truecolor  日本 ############################
059 bold  truecolor  日本 #############################
060 bold  truecolor  日本
